行號 58: 控制項 Times 的物件類別 MSComctlLib.Slider 尚未被載入。
行號 71: 控制項 noteSpeed 的物件類別 MSComctlLib.Slider 尚未被載入。
行號 88: 控制項 sldSpeed 的物件類別 MSComctlLib.Slider 尚未被載入。
行號 65: Times 的屬性名稱 _ExtentX 不正確。
行號 66: Times 的屬性名稱 _ExtentY 不正確。
行號 67: Times 的屬性名稱 _Version 不正確。
行號 68: Times 的屬性名稱 Max 不正確。
行號 69: Times 的屬性名稱 TickStyle 不正確。
行號 78: noteSpeed 的屬性名稱 _ExtentX 不正確。
行號 79: noteSpeed 的屬性名稱 _ExtentY 不正確。
行號 80: noteSpeed 的屬性名稱 _Version 不正確。
行號 81: noteSpeed 的屬性名稱 Orientation 不正確。
行號 82: noteSpeed 的屬性名稱 LargeChange 不正確。
行號 83: noteSpeed 的屬性名稱 SmallChange 不正確。
行號 84: noteSpeed 的屬性名稱 Max 不正確。
行號 85: noteSpeed 的屬性名稱 TickStyle 不正確。
行號 86: noteSpeed 的屬性名稱 TickFrequency 不正確。
行號 95: sldSpeed 的屬性名稱 _ExtentX 不正確。
行號 96: sldSpeed 的屬性名稱 _ExtentY 不正確。
行號 97: sldSpeed 的屬性名稱 _Version 不正確。
行號 98: sldSpeed 的屬性名稱 Orientation 不正確。
行號 99: sldSpeed 的屬性名稱 LargeChange 不正確。
行號 100: sldSpeed 的屬性名稱 SmallChange 不正確。
行號 101: sldSpeed 的屬性名稱 Max 不正確。
行號 102: sldSpeed 的屬性名稱 TickStyle 不正確。
行號 103: sldSpeed 的屬性名稱 TickFrequency 不正確。
